Information: Updating design information... (UID-85)
Warning: Design 'BOOTHMUL' contains 1 high-fanout nets. A fanout number of 1000 will be used for delay calculations involving these nets. (TIM-134)
 
****************************************
Report : timing
        -path full
        -delay max
        -max_paths 1
Design : BOOTHMUL
Version: S-2021.06-SP4
Date   : Thu Jun 15 13:08:21 2023
****************************************

 # A fanout number of 1000 was used for high fanout net computations.

Operating Conditions: typical   Library: NangateOpenCellLibrary
Wire Load Model Mode: top

  Startpoint: A[0] (input port)
  Endpoint: P[63] (output port)
  Path Group: (none)
  Path Type: max

  Des/Clust/Port     Wire Load Model       Library
  ------------------------------------------------
  BOOTHMUL           5K_hvratio_1_4        NangateOpenCellLibrary

  Point                                                   Incr       Path
  --------------------------------------------------------------------------
  input external delay                                    0.00       0.00 r
  A[0] (in)                                               0.00       0.00 r
  inverterI_0/A (IV_0)                                    0.00       0.00 r
  inverterI_0/U1/ZN (INV_X1)                              0.05       0.05 f
  inverterI_0/Y (IV_0)                                    0.00       0.05 f
  FinilizingNegativeSignal/A[0] (RCA_NbitRca64_0)         0.00       0.05 f
  FinilizingNegativeSignal/FAI_1/A (FA_0)                 0.00       0.05 f
  FinilizingNegativeSignal/FAI_1/U5/Z (XOR2_X1)           0.07       0.12 f
  FinilizingNegativeSignal/FAI_1/U4/ZN (AOI22_X1)         0.05       0.18 r
  FinilizingNegativeSignal/FAI_1/U3/ZN (INV_X1)           0.03       0.21 f
  FinilizingNegativeSignal/FAI_1/Co (FA_0)                0.00       0.21 f
  FinilizingNegativeSignal/FAI_2/Ci (FA_1023)             0.00       0.21 f
  FinilizingNegativeSignal/FAI_2/U4/ZN (AOI22_X1)         0.06       0.27 r
  FinilizingNegativeSignal/FAI_2/U3/ZN (INV_X1)           0.03       0.30 f
  FinilizingNegativeSignal/FAI_2/Co (FA_1023)             0.00       0.30 f
  FinilizingNegativeSignal/FAI_3/Ci (FA_1022)             0.00       0.30 f
  FinilizingNegativeSignal/FAI_3/U4/ZN (AOI22_X1)         0.06       0.35 r
  FinilizingNegativeSignal/FAI_3/U3/ZN (INV_X1)           0.03       0.38 f
  FinilizingNegativeSignal/FAI_3/Co (FA_1022)             0.00       0.38 f
  FinilizingNegativeSignal/FAI_4/Ci (FA_1021)             0.00       0.38 f
  FinilizingNegativeSignal/FAI_4/U1/ZN (XNOR2_X1)         0.06       0.44 f
  FinilizingNegativeSignal/FAI_4/U2/ZN (INV_X2)           0.13       0.57 r
  FinilizingNegativeSignal/FAI_4/S (FA_1021)              0.00       0.57 r
  FinilizingNegativeSignal/S[3] (RCA_NbitRca64_0)         0.00       0.57 r
  MUX0_0/A_neg[3] (MUX51_MuxNbit64_0)                     0.00       0.57 r
  MUX0_0/U102/ZN (AOI22_X1)                               0.08       0.65 f
  MUX0_0/U100/ZN (NAND2_X1)                               0.05       0.69 r
  MUX0_0/Y[3] (MUX51_MuxNbit64_0)                         0.00       0.69 r
  SUM0/A[3] (RCA_NbitRca64_15)                            0.00       0.69 r
  SUM0/FAI_4/A (FA_957)                                   0.00       0.69 r
  SUM0/FAI_4/U4/Z (XOR2_X1)                               0.04       0.74 f
  SUM0/FAI_4/U3/ZN (AOI22_X1)                             0.06       0.80 r
  SUM0/FAI_4/U2/ZN (INV_X1)                               0.03       0.83 f
  SUM0/FAI_4/Co (FA_957)                                  0.00       0.83 f
  SUM0/FAI_5/Ci (FA_956)                                  0.00       0.83 f
  SUM0/FAI_5/U3/ZN (AOI22_X1)                             0.06       0.89 r
  SUM0/FAI_5/U2/ZN (INV_X1)                               0.03       0.92 f
  SUM0/FAI_5/Co (FA_956)                                  0.00       0.92 f
  SUM0/FAI_6/Ci (FA_955)                                  0.00       0.92 f
  SUM0/FAI_6/U3/ZN (AOI22_X1)                             0.06       0.99 r
  SUM0/FAI_6/U2/ZN (INV_X1)                               0.03       1.02 f
  SUM0/FAI_6/Co (FA_955)                                  0.00       1.02 f
  SUM0/FAI_7/Ci (FA_954)                                  0.00       1.02 f
  SUM0/FAI_7/U3/ZN (AOI22_X1)                             0.06       1.08 r
  SUM0/FAI_7/U2/ZN (INV_X1)                               0.03       1.11 f
  SUM0/FAI_7/Co (FA_954)                                  0.00       1.11 f
  SUM0/FAI_8/Ci (FA_953)                                  0.00       1.11 f
  SUM0/FAI_8/U3/ZN (AOI22_X1)                             0.06       1.17 r
  SUM0/FAI_8/U2/ZN (INV_X1)                               0.03       1.21 f
  SUM0/FAI_8/Co (FA_953)                                  0.00       1.21 f
  SUM0/FAI_9/Ci (FA_952)                                  0.00       1.21 f
  SUM0/FAI_9/U3/ZN (AOI22_X1)                             0.06       1.27 r
  SUM0/FAI_9/U2/ZN (INV_X1)                               0.03       1.30 f
  SUM0/FAI_9/Co (FA_952)                                  0.00       1.30 f
  SUM0/FAI_10/Ci (FA_951)                                 0.00       1.30 f
  SUM0/FAI_10/U3/ZN (AOI22_X1)                            0.06       1.36 r
  SUM0/FAI_10/U2/ZN (INV_X1)                              0.03       1.39 f
  SUM0/FAI_10/Co (FA_951)                                 0.00       1.39 f
  SUM0/FAI_11/Ci (FA_950)                                 0.00       1.39 f
  SUM0/FAI_11/U3/ZN (AOI22_X1)                            0.06       1.46 r
  SUM0/FAI_11/U2/ZN (INV_X1)                              0.03       1.49 f
  SUM0/FAI_11/Co (FA_950)                                 0.00       1.49 f
  SUM0/FAI_12/Ci (FA_949)                                 0.00       1.49 f
  SUM0/FAI_12/U3/ZN (AOI22_X1)                            0.06       1.55 r
  SUM0/FAI_12/U2/ZN (INV_X1)                              0.03       1.58 f
  SUM0/FAI_12/Co (FA_949)                                 0.00       1.58 f
  SUM0/FAI_13/Ci (FA_948)                                 0.00       1.58 f
  SUM0/FAI_13/U3/ZN (AOI22_X1)                            0.06       1.64 r
  SUM0/FAI_13/U2/ZN (INV_X1)                              0.03       1.67 f
  SUM0/FAI_13/Co (FA_948)                                 0.00       1.67 f
  SUM0/FAI_14/Ci (FA_947)                                 0.00       1.67 f
  SUM0/FAI_14/U3/ZN (AOI22_X1)                            0.06       1.74 r
  SUM0/FAI_14/U2/ZN (INV_X1)                              0.03       1.77 f
  SUM0/FAI_14/Co (FA_947)                                 0.00       1.77 f
  SUM0/FAI_15/Ci (FA_946)                                 0.00       1.77 f
  SUM0/FAI_15/U3/ZN (AOI22_X1)                            0.06       1.83 r
  SUM0/FAI_15/U2/ZN (INV_X1)                              0.03       1.86 f
  SUM0/FAI_15/Co (FA_946)                                 0.00       1.86 f
  SUM0/FAI_16/Ci (FA_945)                                 0.00       1.86 f
  SUM0/FAI_16/U3/ZN (AOI22_X1)                            0.06       1.93 r
  SUM0/FAI_16/U2/ZN (INV_X1)                              0.03       1.96 f
  SUM0/FAI_16/Co (FA_945)                                 0.00       1.96 f
  SUM0/FAI_17/Ci (FA_944)                                 0.00       1.96 f
  SUM0/FAI_17/U3/ZN (AOI22_X1)                            0.06       2.02 r
  SUM0/FAI_17/U2/ZN (INV_X1)                              0.03       2.05 f
  SUM0/FAI_17/Co (FA_944)                                 0.00       2.05 f
  SUM0/FAI_18/Ci (FA_943)                                 0.00       2.05 f
  SUM0/FAI_18/U3/ZN (AOI22_X1)                            0.06       2.11 r
  SUM0/FAI_18/U2/ZN (INV_X1)                              0.03       2.14 f
  SUM0/FAI_18/Co (FA_943)                                 0.00       2.14 f
  SUM0/FAI_19/Ci (FA_942)                                 0.00       2.14 f
  SUM0/FAI_19/U3/ZN (AOI22_X1)                            0.06       2.21 r
  SUM0/FAI_19/U2/ZN (INV_X1)                              0.03       2.24 f
  SUM0/FAI_19/Co (FA_942)                                 0.00       2.24 f
  SUM0/FAI_20/Ci (FA_941)                                 0.00       2.24 f
  SUM0/FAI_20/U3/ZN (AOI22_X1)                            0.06       2.30 r
  SUM0/FAI_20/U2/ZN (INV_X1)                              0.03       2.33 f
  SUM0/FAI_20/Co (FA_941)                                 0.00       2.33 f
  SUM0/FAI_21/Ci (FA_940)                                 0.00       2.33 f
  SUM0/FAI_21/U3/ZN (AOI22_X1)                            0.06       2.39 r
  SUM0/FAI_21/U2/ZN (INV_X1)                              0.03       2.43 f
  SUM0/FAI_21/Co (FA_940)                                 0.00       2.43 f
  SUM0/FAI_22/Ci (FA_939)                                 0.00       2.43 f
  SUM0/FAI_22/U3/ZN (AOI22_X1)                            0.06       2.49 r
  SUM0/FAI_22/U2/ZN (INV_X1)                              0.03       2.52 f
  SUM0/FAI_22/Co (FA_939)                                 0.00       2.52 f
  SUM0/FAI_23/Ci (FA_938)                                 0.00       2.52 f
  SUM0/FAI_23/U3/ZN (AOI22_X1)                            0.06       2.58 r
  SUM0/FAI_23/U2/ZN (INV_X1)                              0.03       2.61 f
  SUM0/FAI_23/Co (FA_938)                                 0.00       2.61 f
  SUM0/FAI_24/Ci (FA_937)                                 0.00       2.61 f
  SUM0/FAI_24/U3/ZN (AOI22_X1)                            0.06       2.68 r
  SUM0/FAI_24/U2/ZN (INV_X1)                              0.03       2.71 f
  SUM0/FAI_24/Co (FA_937)                                 0.00       2.71 f
  SUM0/FAI_25/Ci (FA_936)                                 0.00       2.71 f
  SUM0/FAI_25/U3/ZN (AOI22_X1)                            0.06       2.77 r
  SUM0/FAI_25/U2/ZN (INV_X1)                              0.03       2.80 f
  SUM0/FAI_25/Co (FA_936)                                 0.00       2.80 f
  SUM0/FAI_26/Ci (FA_935)                                 0.00       2.80 f
  SUM0/FAI_26/U3/ZN (AOI22_X1)                            0.06       2.86 r
  SUM0/FAI_26/U2/ZN (INV_X1)                              0.03       2.89 f
  SUM0/FAI_26/Co (FA_935)                                 0.00       2.89 f
  SUM0/FAI_27/Ci (FA_934)                                 0.00       2.89 f
  SUM0/FAI_27/U3/ZN (AOI22_X1)                            0.06       2.96 r
  SUM0/FAI_27/U2/ZN (INV_X1)                              0.03       2.99 f
  SUM0/FAI_27/Co (FA_934)                                 0.00       2.99 f
  SUM0/FAI_28/Ci (FA_933)                                 0.00       2.99 f
  SUM0/FAI_28/U3/ZN (AOI22_X1)                            0.06       3.05 r
  SUM0/FAI_28/U2/ZN (INV_X1)                              0.03       3.08 f
  SUM0/FAI_28/Co (FA_933)                                 0.00       3.08 f
  SUM0/FAI_29/Ci (FA_932)                                 0.00       3.08 f
  SUM0/FAI_29/U3/ZN (AOI22_X1)                            0.06       3.15 r
  SUM0/FAI_29/U2/ZN (INV_X1)                              0.03       3.18 f
  SUM0/FAI_29/Co (FA_932)                                 0.00       3.18 f
  SUM0/FAI_30/Ci (FA_931)                                 0.00       3.18 f
  SUM0/FAI_30/U3/ZN (AOI22_X1)                            0.06       3.24 r
  SUM0/FAI_30/U2/ZN (INV_X1)                              0.03       3.27 f
  SUM0/FAI_30/Co (FA_931)                                 0.00       3.27 f
  SUM0/FAI_31/Ci (FA_930)                                 0.00       3.27 f
  SUM0/FAI_31/U3/ZN (AOI22_X1)                            0.06       3.33 r
  SUM0/FAI_31/U2/ZN (INV_X1)                              0.03       3.36 f
  SUM0/FAI_31/Co (FA_930)                                 0.00       3.36 f
  SUM0/FAI_32/Ci (FA_929)                                 0.00       3.36 f
  SUM0/FAI_32/U3/ZN (AOI22_X1)                            0.06       3.43 r
  SUM0/FAI_32/U2/ZN (INV_X1)                              0.03       3.46 f
  SUM0/FAI_32/Co (FA_929)                                 0.00       3.46 f
  SUM0/FAI_33/Ci (FA_928)                                 0.00       3.46 f
  SUM0/FAI_33/U3/ZN (AOI22_X1)                            0.06       3.52 r
  SUM0/FAI_33/U2/ZN (INV_X1)                              0.03       3.55 f
  SUM0/FAI_33/Co (FA_928)                                 0.00       3.55 f
  SUM0/FAI_34/Ci (FA_927)                                 0.00       3.55 f
  SUM0/FAI_34/U3/ZN (AOI22_X1)                            0.06       3.61 r
  SUM0/FAI_34/U2/ZN (INV_X1)                              0.03       3.65 f
  SUM0/FAI_34/Co (FA_927)                                 0.00       3.65 f
  SUM0/FAI_35/Ci (FA_926)                                 0.00       3.65 f
  SUM0/FAI_35/U3/ZN (AOI22_X1)                            0.06       3.71 r
  SUM0/FAI_35/U2/ZN (INV_X1)                              0.03       3.74 f
  SUM0/FAI_35/Co (FA_926)                                 0.00       3.74 f
  SUM0/FAI_36/Ci (FA_925)                                 0.00       3.74 f
  SUM0/FAI_36/U3/ZN (AOI22_X1)                            0.06       3.80 r
  SUM0/FAI_36/U2/ZN (INV_X1)                              0.03       3.83 f
  SUM0/FAI_36/Co (FA_925)                                 0.00       3.83 f
  SUM0/FAI_37/Ci (FA_924)                                 0.00       3.83 f
  SUM0/FAI_37/U3/ZN (AOI22_X1)                            0.06       3.90 r
  SUM0/FAI_37/U2/ZN (INV_X1)                              0.03       3.93 f
  SUM0/FAI_37/Co (FA_924)                                 0.00       3.93 f
  SUM0/FAI_38/Ci (FA_923)                                 0.00       3.93 f
  SUM0/FAI_38/U3/ZN (AOI22_X1)                            0.06       3.99 r
  SUM0/FAI_38/U2/ZN (INV_X1)                              0.03       4.02 f
  SUM0/FAI_38/Co (FA_923)                                 0.00       4.02 f
  SUM0/FAI_39/Ci (FA_922)                                 0.00       4.02 f
  SUM0/FAI_39/U3/ZN (AOI22_X1)                            0.06       4.08 r
  SUM0/FAI_39/U2/ZN (INV_X1)                              0.03       4.11 f
  SUM0/FAI_39/Co (FA_922)                                 0.00       4.11 f
  SUM0/FAI_40/Ci (FA_921)                                 0.00       4.11 f
  SUM0/FAI_40/U3/ZN (AOI22_X1)                            0.06       4.18 r
  SUM0/FAI_40/U2/ZN (INV_X1)                              0.03       4.21 f
  SUM0/FAI_40/Co (FA_921)                                 0.00       4.21 f
  SUM0/FAI_41/Ci (FA_920)                                 0.00       4.21 f
  SUM0/FAI_41/U3/ZN (AOI22_X1)                            0.06       4.27 r
  SUM0/FAI_41/U2/ZN (INV_X1)                              0.03       4.30 f
  SUM0/FAI_41/Co (FA_920)                                 0.00       4.30 f
  SUM0/FAI_42/Ci (FA_919)                                 0.00       4.30 f
  SUM0/FAI_42/U3/ZN (AOI22_X1)                            0.06       4.36 r
  SUM0/FAI_42/U2/ZN (INV_X1)                              0.03       4.40 f
  SUM0/FAI_42/Co (FA_919)                                 0.00       4.40 f
  SUM0/FAI_43/Ci (FA_918)                                 0.00       4.40 f
  SUM0/FAI_43/U3/ZN (AOI22_X1)                            0.06       4.46 r
  SUM0/FAI_43/U2/ZN (INV_X1)                              0.03       4.49 f
  SUM0/FAI_43/Co (FA_918)                                 0.00       4.49 f
  SUM0/FAI_44/Ci (FA_917)                                 0.00       4.49 f
  SUM0/FAI_44/U3/ZN (AOI22_X1)                            0.06       4.55 r
  SUM0/FAI_44/U2/ZN (INV_X1)                              0.03       4.58 f
  SUM0/FAI_44/Co (FA_917)                                 0.00       4.58 f
  SUM0/FAI_45/Ci (FA_916)                                 0.00       4.58 f
  SUM0/FAI_45/U3/ZN (AOI22_X1)                            0.06       4.65 r
  SUM0/FAI_45/U2/ZN (INV_X1)                              0.03       4.68 f
  SUM0/FAI_45/Co (FA_916)                                 0.00       4.68 f
  SUM0/FAI_46/Ci (FA_915)                                 0.00       4.68 f
  SUM0/FAI_46/U3/ZN (AOI22_X1)                            0.06       4.74 r
  SUM0/FAI_46/U2/ZN (INV_X1)                              0.03       4.77 f
  SUM0/FAI_46/Co (FA_915)                                 0.00       4.77 f
  SUM0/FAI_47/Ci (FA_914)                                 0.00       4.77 f
  SUM0/FAI_47/U3/ZN (AOI22_X1)                            0.06       4.83 r
  SUM0/FAI_47/U2/ZN (INV_X1)                              0.03       4.86 f
  SUM0/FAI_47/Co (FA_914)                                 0.00       4.86 f
  SUM0/FAI_48/Ci (FA_913)                                 0.00       4.86 f
  SUM0/FAI_48/U3/ZN (AOI22_X1)                            0.06       4.93 r
  SUM0/FAI_48/U2/ZN (INV_X1)                              0.03       4.96 f
  SUM0/FAI_48/Co (FA_913)                                 0.00       4.96 f
  SUM0/FAI_49/Ci (FA_912)                                 0.00       4.96 f
  SUM0/FAI_49/U3/ZN (AOI22_X1)                            0.06       5.02 r
  SUM0/FAI_49/U2/ZN (INV_X1)                              0.03       5.05 f
  SUM0/FAI_49/Co (FA_912)                                 0.00       5.05 f
  SUM0/FAI_50/Ci (FA_911)                                 0.00       5.05 f
  SUM0/FAI_50/U3/ZN (AOI22_X1)                            0.06       5.12 r
  SUM0/FAI_50/U2/ZN (INV_X1)                              0.03       5.15 f
  SUM0/FAI_50/Co (FA_911)                                 0.00       5.15 f
  SUM0/FAI_51/Ci (FA_910)                                 0.00       5.15 f
  SUM0/FAI_51/U3/ZN (AOI22_X1)                            0.06       5.21 r
  SUM0/FAI_51/U2/ZN (INV_X1)                              0.03       5.24 f
  SUM0/FAI_51/Co (FA_910)                                 0.00       5.24 f
  SUM0/FAI_52/Ci (FA_909)                                 0.00       5.24 f
  SUM0/FAI_52/U3/ZN (AOI22_X1)                            0.06       5.30 r
  SUM0/FAI_52/U2/ZN (INV_X1)                              0.03       5.33 f
  SUM0/FAI_52/Co (FA_909)                                 0.00       5.33 f
  SUM0/FAI_53/Ci (FA_908)                                 0.00       5.33 f
  SUM0/FAI_53/U3/ZN (AOI22_X1)                            0.06       5.40 r
  SUM0/FAI_53/U2/ZN (INV_X1)                              0.03       5.43 f
  SUM0/FAI_53/Co (FA_908)                                 0.00       5.43 f
  SUM0/FAI_54/Ci (FA_907)                                 0.00       5.43 f
  SUM0/FAI_54/U3/ZN (AOI22_X1)                            0.06       5.49 r
  SUM0/FAI_54/U2/ZN (INV_X1)                              0.03       5.52 f
  SUM0/FAI_54/Co (FA_907)                                 0.00       5.52 f
  SUM0/FAI_55/Ci (FA_906)                                 0.00       5.52 f
  SUM0/FAI_55/U3/ZN (AOI22_X1)                            0.06       5.58 r
  SUM0/FAI_55/U2/ZN (INV_X1)                              0.03       5.62 f
  SUM0/FAI_55/Co (FA_906)                                 0.00       5.62 f
  SUM0/FAI_56/Ci (FA_905)                                 0.00       5.62 f
  SUM0/FAI_56/U3/ZN (AOI22_X1)                            0.06       5.68 r
  SUM0/FAI_56/U2/ZN (INV_X1)                              0.03       5.71 f
  SUM0/FAI_56/Co (FA_905)                                 0.00       5.71 f
  SUM0/FAI_57/Ci (FA_904)                                 0.00       5.71 f
  SUM0/FAI_57/U3/ZN (AOI22_X1)                            0.06       5.77 r
  SUM0/FAI_57/U2/ZN (INV_X1)                              0.03       5.80 f
  SUM0/FAI_57/Co (FA_904)                                 0.00       5.80 f
  SUM0/FAI_58/Ci (FA_903)                                 0.00       5.80 f
  SUM0/FAI_58/U3/ZN (AOI22_X1)                            0.06       5.87 r
  SUM0/FAI_58/U2/ZN (INV_X1)                              0.03       5.90 f
  SUM0/FAI_58/Co (FA_903)                                 0.00       5.90 f
  SUM0/FAI_59/Ci (FA_902)                                 0.00       5.90 f
  SUM0/FAI_59/U3/ZN (AOI22_X1)                            0.06       5.96 r
  SUM0/FAI_59/U2/ZN (INV_X1)                              0.03       5.99 f
  SUM0/FAI_59/Co (FA_902)                                 0.00       5.99 f
  SUM0/FAI_60/Ci (FA_901)                                 0.00       5.99 f
  SUM0/FAI_60/U3/ZN (AOI22_X1)                            0.06       6.05 r
  SUM0/FAI_60/U2/ZN (INV_X1)                              0.03       6.08 f
  SUM0/FAI_60/Co (FA_901)                                 0.00       6.08 f
  SUM0/FAI_61/Ci (FA_900)                                 0.00       6.08 f
  SUM0/FAI_61/U3/ZN (AOI22_X1)                            0.06       6.15 r
  SUM0/FAI_61/U2/ZN (INV_X1)                              0.03       6.18 f
  SUM0/FAI_61/Co (FA_900)                                 0.00       6.18 f
  SUM0/FAI_62/Ci (FA_899)                                 0.00       6.18 f
  SUM0/FAI_62/U3/ZN (AOI22_X1)                            0.06       6.24 r
  SUM0/FAI_62/U2/ZN (INV_X1)                              0.03       6.27 f
  SUM0/FAI_62/Co (FA_899)                                 0.00       6.27 f
  SUM0/FAI_63/Ci (FA_898)                                 0.00       6.27 f
  SUM0/FAI_63/U3/ZN (AOI22_X1)                            0.06       6.34 r
  SUM0/FAI_63/U2/ZN (INV_X1)                              0.03       6.37 f
  SUM0/FAI_63/Co (FA_898)                                 0.00       6.37 f
  SUM0/FAI_64/Ci (FA_897)                                 0.00       6.37 f
  SUM0/FAI_64/U1/Z (XOR2_X1)                              0.06       6.43 r
  SUM0/FAI_64/S (FA_897)                                  0.00       6.43 r
  SUM0/S[63] (RCA_NbitRca64_15)                           0.00       6.43 r
  SUMI_1/B[63] (RCA_NbitRca64_14)                         0.00       6.43 r
  SUMI_1/FAI_64/B (FA_833)                                0.00       6.43 r
  SUMI_1/FAI_64/U4/Z (XOR2_X1)                            0.09       6.52 r
  SUMI_1/FAI_64/U1/Z (XOR2_X1)                            0.09       6.61 r
  SUMI_1/FAI_64/S (FA_833)                                0.00       6.61 r
  SUMI_1/S[63] (RCA_NbitRca64_14)                         0.00       6.61 r
  SUMI_2/B[63] (RCA_NbitRca64_13)                         0.00       6.61 r
  SUMI_2/FAI_64/B (FA_769)                                0.00       6.61 r
  SUMI_2/FAI_64/U4/Z (XOR2_X1)                            0.09       6.70 r
  SUMI_2/FAI_64/U1/Z (XOR2_X1)                            0.09       6.78 r
  SUMI_2/FAI_64/S (FA_769)                                0.00       6.78 r
  SUMI_2/S[63] (RCA_NbitRca64_13)                         0.00       6.78 r
  SUMI_3/B[63] (RCA_NbitRca64_12)                         0.00       6.78 r
  SUMI_3/FAI_64/B (FA_705)                                0.00       6.78 r
  SUMI_3/FAI_64/U4/Z (XOR2_X1)                            0.09       6.87 r
  SUMI_3/FAI_64/U1/Z (XOR2_X1)                            0.09       6.96 r
  SUMI_3/FAI_64/S (FA_705)                                0.00       6.96 r
  SUMI_3/S[63] (RCA_NbitRca64_12)                         0.00       6.96 r
  SUMI_4/B[63] (RCA_NbitRca64_11)                         0.00       6.96 r
  SUMI_4/FAI_64/B (FA_641)                                0.00       6.96 r
  SUMI_4/FAI_64/U4/Z (XOR2_X1)                            0.09       7.05 r
  SUMI_4/FAI_64/U1/Z (XOR2_X1)                            0.09       7.14 r
  SUMI_4/FAI_64/S (FA_641)                                0.00       7.14 r
  SUMI_4/S[63] (RCA_NbitRca64_11)                         0.00       7.14 r
  SUMI_5/B[63] (RCA_NbitRca64_10)                         0.00       7.14 r
  SUMI_5/FAI_64/B (FA_577)                                0.00       7.14 r
  SUMI_5/FAI_64/U4/Z (XOR2_X1)                            0.09       7.23 r
  SUMI_5/FAI_64/U1/Z (XOR2_X1)                            0.09       7.32 r
  SUMI_5/FAI_64/S (FA_577)                                0.00       7.32 r
  SUMI_5/S[63] (RCA_NbitRca64_10)                         0.00       7.32 r
  SUMI_6/B[63] (RCA_NbitRca64_9)                          0.00       7.32 r
  SUMI_6/FAI_64/B (FA_513)                                0.00       7.32 r
  SUMI_6/FAI_64/U4/Z (XOR2_X1)                            0.09       7.41 r
  SUMI_6/FAI_64/U1/Z (XOR2_X1)                            0.09       7.49 r
  SUMI_6/FAI_64/S (FA_513)                                0.00       7.49 r
  SUMI_6/S[63] (RCA_NbitRca64_9)                          0.00       7.49 r
  SUMI_7/B[63] (RCA_NbitRca64_8)                          0.00       7.49 r
  SUMI_7/FAI_64/B (FA_449)                                0.00       7.49 r
  SUMI_7/FAI_64/U4/Z (XOR2_X1)                            0.09       7.58 r
  SUMI_7/FAI_64/U1/Z (XOR2_X1)                            0.09       7.67 r
  SUMI_7/FAI_64/S (FA_449)                                0.00       7.67 r
  SUMI_7/S[63] (RCA_NbitRca64_8)                          0.00       7.67 r
  SUMI_8/B[63] (RCA_NbitRca64_7)                          0.00       7.67 r
  SUMI_8/FAI_64/B (FA_385)                                0.00       7.67 r
  SUMI_8/FAI_64/U4/Z (XOR2_X1)                            0.09       7.76 r
  SUMI_8/FAI_64/U1/Z (XOR2_X1)                            0.09       7.85 r
  SUMI_8/FAI_64/S (FA_385)                                0.00       7.85 r
  SUMI_8/S[63] (RCA_NbitRca64_7)                          0.00       7.85 r
  SUMI_9/B[63] (RCA_NbitRca64_6)                          0.00       7.85 r
  SUMI_9/FAI_64/B (FA_321)                                0.00       7.85 r
  SUMI_9/FAI_64/U4/Z (XOR2_X1)                            0.09       7.94 r
  SUMI_9/FAI_64/U1/Z (XOR2_X1)                            0.09       8.03 r
  SUMI_9/FAI_64/S (FA_321)                                0.00       8.03 r
  SUMI_9/S[63] (RCA_NbitRca64_6)                          0.00       8.03 r
  SUMI_10/B[63] (RCA_NbitRca64_5)                         0.00       8.03 r
  SUMI_10/FAI_64/B (FA_257)                               0.00       8.03 r
  SUMI_10/FAI_64/U4/Z (XOR2_X1)                           0.09       8.11 r
  SUMI_10/FAI_64/U1/Z (XOR2_X1)                           0.09       8.20 r
  SUMI_10/FAI_64/S (FA_257)                               0.00       8.20 r
  SUMI_10/S[63] (RCA_NbitRca64_5)                         0.00       8.20 r
  SUMI_11/B[63] (RCA_NbitRca64_4)                         0.00       8.20 r
  SUMI_11/FAI_64/B (FA_193)                               0.00       8.20 r
  SUMI_11/FAI_64/U4/Z (XOR2_X1)                           0.09       8.29 r
  SUMI_11/FAI_64/U1/Z (XOR2_X1)                           0.09       8.38 r
  SUMI_11/FAI_64/S (FA_193)                               0.00       8.38 r
  SUMI_11/S[63] (RCA_NbitRca64_4)                         0.00       8.38 r
  SUMI_12/B[63] (RCA_NbitRca64_3)                         0.00       8.38 r
  SUMI_12/FAI_64/B (FA_129)                               0.00       8.38 r
  SUMI_12/FAI_64/U4/Z (XOR2_X1)                           0.09       8.47 r
  SUMI_12/FAI_64/U1/Z (XOR2_X1)                           0.09       8.56 r
  SUMI_12/FAI_64/S (FA_129)                               0.00       8.56 r
  SUMI_12/S[63] (RCA_NbitRca64_3)                         0.00       8.56 r
  SUMI_13/B[63] (RCA_NbitRca64_2)                         0.00       8.56 r
  SUMI_13/FAI_64/B (FA_65)                                0.00       8.56 r
  SUMI_13/FAI_64/U4/Z (XOR2_X1)                           0.09       8.65 r
  SUMI_13/FAI_64/U1/Z (XOR2_X1)                           0.09       8.74 r
  SUMI_13/FAI_64/S (FA_65)                                0.00       8.74 r
  SUMI_13/S[63] (RCA_NbitRca64_2)                         0.00       8.74 r
  SUMI_14/B[63] (RCA_NbitRca64_1)                         0.00       8.74 r
  SUMI_14/FAI_64/B (FA_1)                                 0.00       8.74 r
  SUMI_14/FAI_64/U4/Z (XOR2_X1)                           0.09       8.82 r
  SUMI_14/FAI_64/U1/Z (XOR2_X1)                           0.07       8.89 r
  SUMI_14/FAI_64/S (FA_1)                                 0.00       8.89 r
  SUMI_14/S[63] (RCA_NbitRca64_1)                         0.00       8.89 r
  P[63] (out)                                             0.00       8.89 r
  data arrival time                                                  8.89
  --------------------------------------------------------------------------
  (Path is unconstrained)


1
