 
****************************************
Report : power
        -cell
        -analysis_effort low
        -sort_mode cell_internal_power
Design : SIPISOALU
Version: S-2021.06-SP4
Date   : Thu May  4 14:57:48 2023
****************************************


Library(s) Used:

    NangateOpenCellLibrary (File: /home/mariagrazia.graziano/do/libnangate/NangateOpenCellLibrary_typical_ecsm.db)


Operating Conditions: typical   Library: NangateOpenCellLibrary
Wire Load Model Mode: top

Design        Wire Load Model            Library
------------------------------------------------
SIPISOALU              5K_hvratio_1_1    NangateOpenCellLibrary


Global Operating Voltage = 1.1  
Power-specific unit information :
    Voltage Units = 1V
    Capacitance Units = 1.000000ff
    Time Units = 1ns
    Dynamic Power Units = 1uW    (derived from V,C,T units)
    Leakage Power Units = 1nW



  Attributes
  ----------
      h  -  Hierarchical cell

                        Cell      Driven Net  Tot Dynamic      Cell
                        Internal  Switching   Power            Leakage
Cell                    Power     Power       (% Cell/Tot)     Power      Attrs
--------------------------------------------------------------------------------
control                   49.0842       N/A        N/A (N/A)   1557.4580  h
SIPO_reg[0]                7.1796    0.2338      7.413 (97%)     82.3993   
SIPO_reg[1]                7.1768    0.0369      7.214 (99%)     80.0193   
PISO_reg[1]                7.1767 4.150e-03      7.181 (100%)    79.4285   
PISO_reg[3]                7.1749 2.737e-03      7.178 (100%)    79.3886   
PISO_reg[2]                7.1744 3.448e-03      7.178 (100%)    79.4060   
SIPO_reg[2]                7.1198    0.0159      7.136 (100%)    79.8456   
PIPO_reg[1]                7.1062    0.0838      7.190 (99%)     81.5054   
PIPO_reg[3]                7.1056    0.0572      7.163 (99%)     81.5317   
PIPO_reg[2]                7.1028    0.1080      7.211 (99%)     81.4955   
PIPO_reg[0]                7.0867    0.0691      7.156 (99%)     81.5043   
PISO_reg[0]                6.9484    0.0142      6.963 (100%)    79.7987   
U88                        0.2417    0.0726      0.314 (77%)     26.3781   
U89                        0.2108    0.0953      0.306 (69%)     26.1694   
U83                        0.1897    0.0645      0.254 (75%)     38.7106   
U81                        0.1122    0.2459      0.358 (31%)     19.0804   
U108                       0.0992    1.4737      1.573 (6%)      14.3532   
U109                       0.0988    0.2468      0.346 (29%)     14.3532   
U76                        0.0872    0.0373      0.125 (70%)     25.8705   
U101                       0.0776    0.0508      0.128 (60%)      6.8361   
U105                       0.0764    0.0495      0.126 (61%)     14.8704   
U103                       0.0763    0.0500      0.126 (60%)      6.8361   
U102                       0.0754    0.0356      0.111 (68%)     36.4538   
U100                       0.0752    0.0357      0.111 (68%)     36.4316   
U104                       0.0743    0.0348      0.109 (68%)     36.3508   
U99                        0.0733    0.0480      0.121 (60%)      6.8361   
U98                        0.0707    0.0336      0.104 (68%)     36.4375   
U79                        0.0618    0.1767      0.239 (26%)     35.9342   
U80                        0.0611    0.2355      0.297 (21%)     11.3701   
U92                        0.0567    0.0345   9.12e-02 (62%)     37.5134   
U77                        0.0470    0.0412   8.82e-02 (53%)     49.5342   
U75                        0.0449    0.0419   8.68e-02 (52%)     49.5391   
U94                        0.0327    0.0569   8.97e-02 (37%)     14.6438   
U95                        0.0259    0.0150   4.09e-02 (63%)     41.7222   
U97                        0.0259    0.0156   4.15e-02 (62%)     46.0505   
U90                        0.0241    0.0430   6.71e-02 (36%)     22.6863   
U107                       0.0240    0.0112   3.52e-02 (68%)     46.1727   
U85                        0.0225 6.797e-03   2.93e-02 (77%)     64.2279   
U93                        0.0192    0.0139   3.31e-02 (58%)     42.6605   
U82                        0.0164    0.0700   8.64e-02 (19%)     10.4491   
U106                       0.0148 6.133e-03   2.10e-02 (71%)     47.3811   
U96                        0.0124    0.0150   2.74e-02 (45%)     10.3889   
U86                        0.0116 5.516e-03   1.71e-02 (68%)      7.2058   
U78                        0.0104    0.0538   6.42e-02 (16%)     10.1501   
U87                     8.609e-03 2.761e-03   1.14e-02 (76%)     73.5365   
U84                     4.456e-03 1.699e-03   6.15e-03 (72%)     76.6073   
U91                     3.187e-03 1.062e-03   4.25e-03 (75%)     56.7674   
--------------------------------------------------------------------------------
Totals (47 cells)        129.602uW     N/A         N/A (N/A)      3.544uW
1
