Information: Updating design information... (UID-85)
Warning: Design 'BOOTHMUL_1' contains 1 high-fanout nets. A fanout number of 1000 will be used for delay calculations involving these nets. (TIM-134)
 
****************************************
Report : timing
        -path full
        -delay max
        -max_paths 1
Design : BOOTHMUL_1
Version: S-2021.06-SP4
Date   : Wed Apr 19 01:44:00 2023
****************************************

 # A fanout number of 1000 was used for high fanout net computations.

Operating Conditions: typical   Library: NangateOpenCellLibrary
Wire Load Model Mode: top

  Startpoint: A[0] (input port)
  Endpoint: P[63] (output port)
  Path Group: default
  Path Type: max

  Des/Clust/Port     Wire Load Model       Library
  ------------------------------------------------
  BOOTHMUL_1         5K_hvratio_1_1        NangateOpenCellLibrary

  Point                                                   Incr       Path
  --------------------------------------------------------------------------
  input external delay                                    0.00       0.00 r
  A[0] (in)                                               0.00       0.00 r
  inverterI_0/A (IV_64)                                   0.00       0.00 r
  inverterI_0/U1/ZN (INV_X1)                              0.02       0.02 f
  inverterI_0/Y (IV_64)                                   0.00       0.02 f
  FinilizingNegativeSignal/A[0] (RCA_NbitRca64_16)        0.00       0.02 f
  FinilizingNegativeSignal/FAI_1/A (FA_1024)              0.00       0.02 f
  FinilizingNegativeSignal/FAI_1/U2/ZN (AOI21_X1)         0.04       0.06 r
  FinilizingNegativeSignal/FAI_1/U3/ZN (NOR2_X1)          0.03       0.08 f
  FinilizingNegativeSignal/FAI_1/Co (FA_1024)             0.00       0.08 f
  FinilizingNegativeSignal/FAI_2/Ci (FA_2047)             0.00       0.08 f
  FinilizingNegativeSignal/FAI_2/U2/ZN (AOI22_X1)         0.05       0.13 r
  FinilizingNegativeSignal/FAI_2/U3/ZN (INV_X1)           0.03       0.16 f
  FinilizingNegativeSignal/FAI_2/Co (FA_2047)             0.00       0.16 f
  FinilizingNegativeSignal/FAI_3/Ci (FA_2046)             0.00       0.16 f
  FinilizingNegativeSignal/FAI_3/U5/ZN (INV_X1)           0.03       0.19 r
  FinilizingNegativeSignal/FAI_3/U1/ZN (OAI22_X1)         0.03       0.22 f
  FinilizingNegativeSignal/FAI_3/Co (FA_2046)             0.00       0.22 f
  FinilizingNegativeSignal/FAI_4/Ci (FA_2045)             0.00       0.22 f
  FinilizingNegativeSignal/FAI_4/U4/ZN (AOI21_X1)         0.04       0.26 r
  FinilizingNegativeSignal/FAI_4/U5/ZN (INV_X1)           0.03       0.29 f
  FinilizingNegativeSignal/FAI_4/Co (FA_2045)             0.00       0.29 f
  FinilizingNegativeSignal/FAI_5/Ci (FA_2044)             0.00       0.29 f
  FinilizingNegativeSignal/FAI_5/U5/ZN (AOI21_X1)         0.04       0.33 r
  FinilizingNegativeSignal/FAI_5/U6/ZN (INV_X1)           0.03       0.36 f
  FinilizingNegativeSignal/FAI_5/Co (FA_2044)             0.00       0.36 f
  FinilizingNegativeSignal/FAI_6/Ci (FA_2043)             0.00       0.36 f
  FinilizingNegativeSignal/FAI_6/U3/ZN (AOI21_X1)         0.04       0.40 r
  FinilizingNegativeSignal/FAI_6/U6/ZN (INV_X1)           0.03       0.43 f
  FinilizingNegativeSignal/FAI_6/Co (FA_2043)             0.00       0.43 f
  FinilizingNegativeSignal/FAI_7/Ci (FA_2042)             0.00       0.43 f
  FinilizingNegativeSignal/FAI_7/U3/ZN (AOI21_X1)         0.04       0.47 r
  FinilizingNegativeSignal/FAI_7/U4/ZN (INV_X1)           0.03       0.50 f
  FinilizingNegativeSignal/FAI_7/Co (FA_2042)             0.00       0.50 f
  FinilizingNegativeSignal/FAI_8/Ci (FA_2041)             0.00       0.50 f
  FinilizingNegativeSignal/FAI_8/U4/ZN (AOI21_X1)         0.04       0.54 r
  FinilizingNegativeSignal/FAI_8/U6/ZN (INV_X1)           0.03       0.57 f
  FinilizingNegativeSignal/FAI_8/Co (FA_2041)             0.00       0.57 f
  FinilizingNegativeSignal/FAI_9/Ci (FA_2040)             0.00       0.57 f
  FinilizingNegativeSignal/FAI_9/U2/ZN (AOI22_X1)         0.06       0.63 r
  FinilizingNegativeSignal/FAI_9/U3/ZN (INV_X1)           0.03       0.65 f
  FinilizingNegativeSignal/FAI_9/Co (FA_2040)             0.00       0.65 f
  FinilizingNegativeSignal/FAI_10/Ci (FA_2039)            0.00       0.65 f
  FinilizingNegativeSignal/FAI_10/U3/ZN (AOI22_X1)        0.06       0.71 r
  FinilizingNegativeSignal/FAI_10/U2/ZN (INV_X1)          0.03       0.74 f
  FinilizingNegativeSignal/FAI_10/Co (FA_2039)            0.00       0.74 f
  FinilizingNegativeSignal/FAI_11/Ci (FA_2038)            0.00       0.74 f
  FinilizingNegativeSignal/FAI_11/U2/ZN (AOI22_X1)        0.05       0.79 r
  FinilizingNegativeSignal/FAI_11/U3/ZN (INV_X1)          0.03       0.82 f
  FinilizingNegativeSignal/FAI_11/Co (FA_2038)            0.00       0.82 f
  FinilizingNegativeSignal/FAI_12/Ci (FA_2037)            0.00       0.82 f
  FinilizingNegativeSignal/FAI_12/U2/ZN (AOI22_X1)        0.06       0.88 r
  FinilizingNegativeSignal/FAI_12/U3/ZN (INV_X1)          0.03       0.90 f
  FinilizingNegativeSignal/FAI_12/Co (FA_2037)            0.00       0.90 f
  FinilizingNegativeSignal/FAI_13/Ci (FA_2036)            0.00       0.90 f
  FinilizingNegativeSignal/FAI_13/U1/Z (XOR2_X1)          0.08       0.99 f
  FinilizingNegativeSignal/FAI_13/S (FA_2036)             0.00       0.99 f
  FinilizingNegativeSignal/S[12] (RCA_NbitRca64_16)       0.00       0.99 f
  MUX0_0/A_neg[12] (MUX51_MuxNbit64_16)                   0.00       0.99 f
  MUX0_0/U241/ZN (AOI22_X1)                               0.06       1.04 r
  MUX0_0/U71/ZN (NAND2_X1)                                0.04       1.08 f
  MUX0_0/Y[12] (MUX51_MuxNbit64_16)                       0.00       1.08 f
  SUM0/A[12] (RCA_NbitRca64_31)                           0.00       1.08 f
  SUM0/FAI_13/A (FA_1972)                                 0.00       1.08 f
  SUM0/FAI_13/U4/Z (XOR2_X1)                              0.08       1.15 f
  SUM0/FAI_13/U2/ZN (AOI22_X1)                            0.06       1.22 r
  SUM0/FAI_13/U1/ZN (INV_X1)                              0.03       1.25 f
  SUM0/FAI_13/Co (FA_1972)                                0.00       1.25 f
  SUM0/FAI_14/Ci (FA_1971)                                0.00       1.25 f
  SUM0/FAI_14/U1/ZN (AOI22_X1)                            0.06       1.30 r
  SUM0/FAI_14/U2/ZN (INV_X1)                              0.03       1.33 f
  SUM0/FAI_14/Co (FA_1971)                                0.00       1.33 f
  SUM0/FAI_15/Ci (FA_1970)                                0.00       1.33 f
  SUM0/FAI_15/U5/ZN (AOI22_X1)                            0.06       1.39 r
  SUM0/FAI_15/U2/ZN (INV_X1)                              0.03       1.41 f
  SUM0/FAI_15/Co (FA_1970)                                0.00       1.41 f
  SUM0/FAI_16/Ci (FA_1969)                                0.00       1.41 f
  SUM0/FAI_16/U1/ZN (AOI22_X1)                            0.06       1.47 r
  SUM0/FAI_16/U2/ZN (INV_X1)                              0.03       1.50 f
  SUM0/FAI_16/Co (FA_1969)                                0.00       1.50 f
  SUM0/FAI_17/Ci (FA_1968)                                0.00       1.50 f
  SUM0/FAI_17/U2/ZN (AOI22_X1)                            0.06       1.55 r
  SUM0/FAI_17/U1/ZN (INV_X1)                              0.03       1.58 f
  SUM0/FAI_17/Co (FA_1968)                                0.00       1.58 f
  SUM0/FAI_18/Ci (FA_1967)                                0.00       1.58 f
  SUM0/FAI_18/U1/ZN (AOI22_X1)                            0.06       1.64 r
  SUM0/FAI_18/U2/ZN (INV_X1)                              0.03       1.67 f
  SUM0/FAI_18/Co (FA_1967)                                0.00       1.67 f
  SUM0/FAI_19/Ci (FA_1966)                                0.00       1.67 f
  SUM0/FAI_19/U5/ZN (AOI22_X1)                            0.06       1.72 r
  SUM0/FAI_19/U2/ZN (INV_X1)                              0.03       1.75 f
  SUM0/FAI_19/Co (FA_1966)                                0.00       1.75 f
  SUM0/FAI_20/Ci (FA_1965)                                0.00       1.75 f
  SUM0/FAI_20/U2/ZN (AOI22_X1)                            0.06       1.81 r
  SUM0/FAI_20/U1/ZN (INV_X1)                              0.03       1.84 f
  SUM0/FAI_20/Co (FA_1965)                                0.00       1.84 f
  SUM0/FAI_21/Ci (FA_1964)                                0.00       1.84 f
  SUM0/FAI_21/U6/ZN (INV_X1)                              0.03       1.86 r
  SUM0/FAI_21/U1/ZN (OAI22_X1)                            0.04       1.90 f
  SUM0/FAI_21/Co (FA_1964)                                0.00       1.90 f
  SUM0/FAI_22/Ci (FA_1963)                                0.00       1.90 f
  SUM0/FAI_22/U6/ZN (INV_X1)                              0.03       1.93 r
  SUM0/FAI_22/U1/ZN (OAI22_X1)                            0.04       1.97 f
  SUM0/FAI_22/Co (FA_1963)                                0.00       1.97 f
  SUM0/FAI_23/Ci (FA_1962)                                0.00       1.97 f
  SUM0/FAI_23/U6/ZN (INV_X1)                              0.03       2.00 r
  SUM0/FAI_23/U1/ZN (OAI22_X1)                            0.04       2.03 f
  SUM0/FAI_23/Co (FA_1962)                                0.00       2.03 f
  SUM0/FAI_24/Ci (FA_1961)                                0.00       2.03 f
  SUM0/FAI_24/U2/ZN (AOI22_X1)                            0.06       2.09 r
  SUM0/FAI_24/U1/ZN (INV_X1)                              0.03       2.12 f
  SUM0/FAI_24/Co (FA_1961)                                0.00       2.12 f
  SUM0/FAI_25/Ci (FA_1960)                                0.00       2.12 f
  SUM0/FAI_25/U2/ZN (AOI22_X1)                            0.06       2.18 r
  SUM0/FAI_25/U1/ZN (INV_X1)                              0.03       2.20 f
  SUM0/FAI_25/Co (FA_1960)                                0.00       2.20 f
  SUM0/FAI_26/Ci (FA_1959)                                0.00       2.20 f
  SUM0/FAI_26/U1/ZN (AOI22_X1)                            0.06       2.26 r
  SUM0/FAI_26/U2/ZN (INV_X1)                              0.03       2.29 f
  SUM0/FAI_26/Co (FA_1959)                                0.00       2.29 f
  SUM0/FAI_27/Ci (FA_1958)                                0.00       2.29 f
  SUM0/FAI_27/U2/ZN (AOI22_X1)                            0.06       2.34 r
  SUM0/FAI_27/U1/ZN (INV_X1)                              0.03       2.37 f
  SUM0/FAI_27/Co (FA_1958)                                0.00       2.37 f
  SUM0/FAI_28/Ci (FA_1957)                                0.00       2.37 f
  SUM0/FAI_28/U1/ZN (AOI22_X1)                            0.06       2.43 r
  SUM0/FAI_28/U2/ZN (INV_X1)                              0.03       2.46 f
  SUM0/FAI_28/Co (FA_1957)                                0.00       2.46 f
  SUM0/FAI_29/Ci (FA_1956)                                0.00       2.46 f
  SUM0/FAI_29/U1/ZN (AOI22_X1)                            0.06       2.51 r
  SUM0/FAI_29/U2/ZN (INV_X1)                              0.03       2.54 f
  SUM0/FAI_29/Co (FA_1956)                                0.00       2.54 f
  SUM0/FAI_30/Ci (FA_1955)                                0.00       2.54 f
  SUM0/FAI_30/U2/ZN (AOI22_X1)                            0.06       2.60 r
  SUM0/FAI_30/U1/ZN (INV_X1)                              0.03       2.63 f
  SUM0/FAI_30/Co (FA_1955)                                0.00       2.63 f
  SUM0/FAI_31/Ci (FA_1954)                                0.00       2.63 f
  SUM0/FAI_31/U1/ZN (AOI22_X1)                            0.06       2.68 r
  SUM0/FAI_31/U2/ZN (INV_X1)                              0.03       2.71 f
  SUM0/FAI_31/Co (FA_1954)                                0.00       2.71 f
  SUM0/FAI_32/Ci (FA_1953)                                0.00       2.71 f
  SUM0/FAI_32/U1/ZN (AOI22_X1)                            0.06       2.77 r
  SUM0/FAI_32/U2/ZN (INV_X1)                              0.03       2.79 f
  SUM0/FAI_32/Co (FA_1953)                                0.00       2.79 f
  SUM0/FAI_33/Ci (FA_1952)                                0.00       2.79 f
  SUM0/FAI_33/U2/ZN (AOI22_X1)                            0.06       2.85 r
  SUM0/FAI_33/U1/ZN (INV_X1)                              0.03       2.88 f
  SUM0/FAI_33/Co (FA_1952)                                0.00       2.88 f
  SUM0/FAI_34/Ci (FA_1951)                                0.00       2.88 f
  SUM0/FAI_34/U1/ZN (AOI22_X1)                            0.06       2.93 r
  SUM0/FAI_34/U2/ZN (INV_X1)                              0.03       2.96 f
  SUM0/FAI_34/Co (FA_1951)                                0.00       2.96 f
  SUM0/FAI_35/Ci (FA_1950)                                0.00       2.96 f
  SUM0/FAI_35/U2/ZN (AOI22_X1)                            0.06       3.02 r
  SUM0/FAI_35/U1/ZN (INV_X1)                              0.03       3.05 f
  SUM0/FAI_35/Co (FA_1950)                                0.00       3.05 f
  SUM0/FAI_36/Ci (FA_1949)                                0.00       3.05 f
  SUM0/FAI_36/U1/ZN (AOI22_X1)                            0.06       3.11 r
  SUM0/FAI_36/U2/ZN (INV_X1)                              0.03       3.14 f
  SUM0/FAI_36/Co (FA_1949)                                0.00       3.14 f
  SUM0/FAI_37/Ci (FA_1948)                                0.00       3.14 f
  SUM0/FAI_37/U1/ZN (AOI22_X1)                            0.06       3.19 r
  SUM0/FAI_37/U2/ZN (INV_X1)                              0.03       3.22 f
  SUM0/FAI_37/Co (FA_1948)                                0.00       3.22 f
  SUM0/FAI_38/Ci (FA_1947)                                0.00       3.22 f
  SUM0/FAI_38/U2/ZN (AOI22_X1)                            0.06       3.28 r
  SUM0/FAI_38/U1/ZN (INV_X1)                              0.03       3.30 f
  SUM0/FAI_38/Co (FA_1947)                                0.00       3.30 f
  SUM0/FAI_39/Ci (FA_1946)                                0.00       3.30 f
  SUM0/FAI_39/U7/ZN (INV_X1)                              0.03       3.33 r
  SUM0/FAI_39/U1/ZN (OAI22_X1)                            0.04       3.37 f
  SUM0/FAI_39/Co (FA_1946)                                0.00       3.37 f
  SUM0/FAI_40/Ci (FA_1945)                                0.00       3.37 f
  SUM0/FAI_40/U2/ZN (AOI22_X1)                            0.06       3.43 r
  SUM0/FAI_40/U1/ZN (INV_X1)                              0.03       3.46 f
  SUM0/FAI_40/Co (FA_1945)                                0.00       3.46 f
  SUM0/FAI_41/Ci (FA_1944)                                0.00       3.46 f
  SUM0/FAI_41/U2/ZN (AOI22_X1)                            0.06       3.52 r
  SUM0/FAI_41/U1/ZN (INV_X1)                              0.03       3.55 f
  SUM0/FAI_41/Co (FA_1944)                                0.00       3.55 f
  SUM0/FAI_42/Ci (FA_1943)                                0.00       3.55 f
  SUM0/FAI_42/U1/ZN (AOI22_X1)                            0.06       3.61 r
  SUM0/FAI_42/U2/ZN (INV_X1)                              0.03       3.64 f
  SUM0/FAI_42/Co (FA_1943)                                0.00       3.64 f
  SUM0/FAI_43/Ci (FA_1942)                                0.00       3.64 f
  SUM0/FAI_43/U2/ZN (AOI22_X1)                            0.06       3.69 r
  SUM0/FAI_43/U1/ZN (INV_X1)                              0.03       3.72 f
  SUM0/FAI_43/Co (FA_1942)                                0.00       3.72 f
  SUM0/FAI_44/Ci (FA_1941)                                0.00       3.72 f
  SUM0/FAI_44/U7/ZN (INV_X1)                              0.03       3.75 r
  SUM0/FAI_44/U1/ZN (OAI22_X1)                            0.04       3.79 f
  SUM0/FAI_44/Co (FA_1941)                                0.00       3.79 f
  SUM0/FAI_45/Ci (FA_1940)                                0.00       3.79 f
  SUM0/FAI_45/U2/ZN (AOI22_X1)                            0.06       3.85 r
  SUM0/FAI_45/U1/ZN (INV_X1)                              0.03       3.88 f
  SUM0/FAI_45/Co (FA_1940)                                0.00       3.88 f
  SUM0/FAI_46/Ci (FA_1939)                                0.00       3.88 f
  SUM0/FAI_46/U1/ZN (AOI22_X1)                            0.06       3.93 r
  SUM0/FAI_46/U2/ZN (INV_X1)                              0.03       3.96 f
  SUM0/FAI_46/Co (FA_1939)                                0.00       3.96 f
  SUM0/FAI_47/Ci (FA_1938)                                0.00       3.96 f
  SUM0/FAI_47/U2/ZN (AOI22_X1)                            0.06       4.02 r
  SUM0/FAI_47/U1/ZN (INV_X1)                              0.03       4.05 f
  SUM0/FAI_47/Co (FA_1938)                                0.00       4.05 f
  SUM0/FAI_48/Ci (FA_1937)                                0.00       4.05 f
  SUM0/FAI_48/U2/ZN (AOI22_X1)                            0.06       4.11 r
  SUM0/FAI_48/U1/ZN (INV_X1)                              0.03       4.13 f
  SUM0/FAI_48/Co (FA_1937)                                0.00       4.13 f
  SUM0/FAI_49/Ci (FA_1936)                                0.00       4.13 f
  SUM0/FAI_49/U1/ZN (AOI22_X1)                            0.06       4.19 r
  SUM0/FAI_49/U2/ZN (INV_X1)                              0.03       4.22 f
  SUM0/FAI_49/Co (FA_1936)                                0.00       4.22 f
  SUM0/FAI_50/Ci (FA_1935)                                0.00       4.22 f
  SUM0/FAI_50/U2/ZN (AOI22_X1)                            0.06       4.27 r
  SUM0/FAI_50/U1/ZN (INV_X1)                              0.03       4.30 f
  SUM0/FAI_50/Co (FA_1935)                                0.00       4.30 f
  SUM0/FAI_51/Ci (FA_1934)                                0.00       4.30 f
  SUM0/FAI_51/U1/ZN (AOI22_X1)                            0.06       4.36 r
  SUM0/FAI_51/U2/ZN (INV_X1)                              0.03       4.39 f
  SUM0/FAI_51/Co (FA_1934)                                0.00       4.39 f
  SUM0/FAI_52/Ci (FA_1933)                                0.00       4.39 f
  SUM0/FAI_52/U2/ZN (AOI22_X1)                            0.06       4.45 r
  SUM0/FAI_52/U1/ZN (INV_X1)                              0.03       4.48 f
  SUM0/FAI_52/Co (FA_1933)                                0.00       4.48 f
  SUM0/FAI_53/Ci (FA_1932)                                0.00       4.48 f
  SUM0/FAI_53/U2/ZN (AOI22_X1)                            0.06       4.53 r
  SUM0/FAI_53/U1/ZN (INV_X1)                              0.03       4.56 f
  SUM0/FAI_53/Co (FA_1932)                                0.00       4.56 f
  SUM0/FAI_54/Ci (FA_1931)                                0.00       4.56 f
  SUM0/FAI_54/U1/ZN (AOI22_X1)                            0.06       4.62 r
  SUM0/FAI_54/U2/ZN (INV_X1)                              0.03       4.65 f
  SUM0/FAI_54/Co (FA_1931)                                0.00       4.65 f
  SUM0/FAI_55/Ci (FA_1930)                                0.00       4.65 f
  SUM0/FAI_55/U2/ZN (AOI22_X1)                            0.06       4.71 r
  SUM0/FAI_55/U1/ZN (INV_X1)                              0.03       4.73 f
  SUM0/FAI_55/Co (FA_1930)                                0.00       4.73 f
  SUM0/FAI_56/Ci (FA_1929)                                0.00       4.73 f
  SUM0/FAI_56/U1/ZN (AOI22_X1)                            0.06       4.79 r
  SUM0/FAI_56/U2/ZN (INV_X1)                              0.03       4.82 f
  SUM0/FAI_56/Co (FA_1929)                                0.00       4.82 f
  SUM0/FAI_57/Ci (FA_1928)                                0.00       4.82 f
  SUM0/FAI_57/U2/ZN (AOI22_X1)                            0.06       4.88 r
  SUM0/FAI_57/U1/ZN (INV_X1)                              0.03       4.91 f
  SUM0/FAI_57/Co (FA_1928)                                0.00       4.91 f
  SUM0/FAI_58/Ci (FA_1927)                                0.00       4.91 f
  SUM0/FAI_58/U2/ZN (AOI22_X1)                            0.06       4.97 r
  SUM0/FAI_58/U1/ZN (INV_X1)                              0.03       5.00 f
  SUM0/FAI_58/Co (FA_1927)                                0.00       5.00 f
  SUM0/FAI_59/Ci (FA_1926)                                0.00       5.00 f
  SUM0/FAI_59/U1/ZN (AOI22_X1)                            0.06       5.06 r
  SUM0/FAI_59/U2/ZN (INV_X1)                              0.03       5.08 f
  SUM0/FAI_59/Co (FA_1926)                                0.00       5.08 f
  SUM0/FAI_60/Ci (FA_1925)                                0.00       5.08 f
  SUM0/FAI_60/U3/Z (XOR2_X1)                              0.06       5.14 r
  SUM0/FAI_60/S (FA_1925)                                 0.00       5.14 r
  SUM0/S[59] (RCA_NbitRca64_31)                           0.00       5.14 r
  SUMI_1/B[59] (RCA_NbitRca64_30)                         0.00       5.14 r
  SUMI_1/FAI_60/B (FA_1861)                               0.00       5.14 r
  SUMI_1/FAI_60/U4/Z (XOR2_X1)                            0.09       5.23 r
  SUMI_1/FAI_60/U3/Z (XOR2_X1)                            0.09       5.32 r
  SUMI_1/FAI_60/S (FA_1861)                               0.00       5.32 r
  SUMI_1/S[59] (RCA_NbitRca64_30)                         0.00       5.32 r
  SUMI_2/B[59] (RCA_NbitRca64_29)                         0.00       5.32 r
  SUMI_2/FAI_60/B (FA_1797)                               0.00       5.32 r
  SUMI_2/FAI_60/U4/Z (XOR2_X1)                            0.08       5.40 r
  SUMI_2/FAI_60/U3/Z (XOR2_X1)                            0.09       5.49 r
  SUMI_2/FAI_60/S (FA_1797)                               0.00       5.49 r
  SUMI_2/S[59] (RCA_NbitRca64_29)                         0.00       5.49 r
  SUMI_3/B[59] (RCA_NbitRca64_28)                         0.00       5.49 r
  SUMI_3/FAI_60/B (FA_1733)                               0.00       5.49 r
  SUMI_3/FAI_60/U2/ZN (XNOR2_X1)                          0.07       5.56 r
  SUMI_3/FAI_60/U3/Z (XOR2_X1)                            0.08       5.64 r
  SUMI_3/FAI_60/S (FA_1733)                               0.00       5.64 r
  SUMI_3/S[59] (RCA_NbitRca64_28)                         0.00       5.64 r
  SUMI_4/B[59] (RCA_NbitRca64_27)                         0.00       5.64 r
  SUMI_4/FAI_60/B (FA_1669)                               0.00       5.64 r
  SUMI_4/FAI_60/U2/ZN (XNOR2_X1)                          0.07       5.71 r
  SUMI_4/FAI_60/U3/Z (XOR2_X1)                            0.08       5.80 r
  SUMI_4/FAI_60/S (FA_1669)                               0.00       5.80 r
  SUMI_4/S[59] (RCA_NbitRca64_27)                         0.00       5.80 r
  SUMI_5/B[59] (RCA_NbitRca64_26)                         0.00       5.80 r
  SUMI_5/FAI_60/B (FA_1605)                               0.00       5.80 r
  SUMI_5/FAI_60/U2/ZN (XNOR2_X1)                          0.07       5.87 r
  SUMI_5/FAI_60/U3/Z (XOR2_X1)                            0.08       5.95 r
  SUMI_5/FAI_60/S (FA_1605)                               0.00       5.95 r
  SUMI_5/S[59] (RCA_NbitRca64_26)                         0.00       5.95 r
  SUMI_6/B[59] (RCA_NbitRca64_25)                         0.00       5.95 r
  SUMI_6/FAI_60/B (FA_1541)                               0.00       5.95 r
  SUMI_6/FAI_60/U5/ZN (XNOR2_X1)                          0.07       6.02 r
  SUMI_6/FAI_60/U3/Z (XOR2_X1)                            0.08       6.11 r
  SUMI_6/FAI_60/S (FA_1541)                               0.00       6.11 r
  SUMI_6/S[59] (RCA_NbitRca64_25)                         0.00       6.11 r
  SUMI_7/B[59] (RCA_NbitRca64_24)                         0.00       6.11 r
  SUMI_7/FAI_60/B (FA_1477)                               0.00       6.11 r
  SUMI_7/FAI_60/U2/ZN (XNOR2_X1)                          0.07       6.18 r
  SUMI_7/FAI_60/U3/Z (XOR2_X1)                            0.08       6.26 r
  SUMI_7/FAI_60/S (FA_1477)                               0.00       6.26 r
  SUMI_7/S[59] (RCA_NbitRca64_24)                         0.00       6.26 r
  SUMI_8/B[59] (RCA_NbitRca64_23)                         0.00       6.26 r
  SUMI_8/FAI_60/B (FA_1413)                               0.00       6.26 r
  SUMI_8/FAI_60/U4/ZN (XNOR2_X1)                          0.07       6.33 r
  SUMI_8/FAI_60/U3/Z (XOR2_X1)                            0.08       6.41 r
  SUMI_8/FAI_60/S (FA_1413)                               0.00       6.41 r
  SUMI_8/S[59] (RCA_NbitRca64_23)                         0.00       6.41 r
  SUMI_9/B[59] (RCA_NbitRca64_22)                         0.00       6.41 r
  SUMI_9/FAI_60/B (FA_1349)                               0.00       6.41 r
  SUMI_9/FAI_60/U5/ZN (XNOR2_X1)                          0.07       6.48 r
  SUMI_9/FAI_60/U3/Z (XOR2_X1)                            0.08       6.56 r
  SUMI_9/FAI_60/S (FA_1349)                               0.00       6.56 r
  SUMI_9/S[59] (RCA_NbitRca64_22)                         0.00       6.56 r
  SUMI_10/B[59] (RCA_NbitRca64_21)                        0.00       6.56 r
  SUMI_10/FAI_60/B (FA_1285)                              0.00       6.56 r
  SUMI_10/FAI_60/U4/ZN (XNOR2_X1)                         0.07       6.63 r
  SUMI_10/FAI_60/U5/ZN (AOI22_X1)                         0.04       6.67 f
  SUMI_10/FAI_60/U6/ZN (INV_X1)                           0.04       6.71 r
  SUMI_10/FAI_60/Co (FA_1285)                             0.00       6.71 r
  SUMI_10/FAI_61/Ci (FA_1284)                             0.00       6.71 r
  SUMI_10/FAI_61/U3/Z (XOR2_X1)                           0.08       6.78 r
  SUMI_10/FAI_61/S (FA_1284)                              0.00       6.78 r
  SUMI_10/S[60] (RCA_NbitRca64_21)                        0.00       6.78 r
  SUMI_11/B[60] (RCA_NbitRca64_20)                        0.00       6.78 r
  SUMI_11/FAI_61/B (FA_1220)                              0.00       6.78 r
  SUMI_11/FAI_61/U4/ZN (XNOR2_X1)                         0.07       6.85 r
  SUMI_11/FAI_61/U3/Z (XOR2_X1)                           0.08       6.94 r
  SUMI_11/FAI_61/S (FA_1220)                              0.00       6.94 r
  SUMI_11/S[60] (RCA_NbitRca64_20)                        0.00       6.94 r
  SUMI_12/B[60] (RCA_NbitRca64_19)                        0.00       6.94 r
  SUMI_12/FAI_61/B (FA_1156)                              0.00       6.94 r
  SUMI_12/FAI_61/U7/ZN (XNOR2_X1)                         0.07       7.01 r
  SUMI_12/FAI_61/U5/ZN (INV_X1)                           0.02       7.04 f
  SUMI_12/FAI_61/U1/ZN (OAI22_X1)                         0.07       7.10 r
  SUMI_12/FAI_61/Co (FA_1156)                             0.00       7.10 r
  SUMI_12/FAI_62/Ci (FA_1155)                             0.00       7.10 r
  SUMI_12/FAI_62/U3/Z (XOR2_X1)                           0.08       7.19 r
  SUMI_12/FAI_62/S (FA_1155)                              0.00       7.19 r
  SUMI_12/S[61] (RCA_NbitRca64_19)                        0.00       7.19 r
  SUMI_13/B[61] (RCA_NbitRca64_18)                        0.00       7.19 r
  SUMI_13/FAI_62/B (FA_1091)                              0.00       7.19 r
  SUMI_13/FAI_62/U6/ZN (XNOR2_X1)                         0.07       7.26 r
  SUMI_13/FAI_62/U3/Z (XOR2_X1)                           0.08       7.34 r
  SUMI_13/FAI_62/S (FA_1091)                              0.00       7.34 r
  SUMI_13/S[61] (RCA_NbitRca64_18)                        0.00       7.34 r
  SUMI_14/B[61] (RCA_NbitRca64_17)                        0.00       7.34 r
  SUMI_14/FAI_62/B (FA_1027)                              0.00       7.34 r
  SUMI_14/FAI_62/U6/ZN (XNOR2_X1)                         0.07       7.41 r
  SUMI_14/FAI_62/U2/ZN (AOI22_X1)                         0.04       7.45 f
  SUMI_14/FAI_62/U4/ZN (INV_X1)                           0.03       7.48 r
  SUMI_14/FAI_62/Co (FA_1027)                             0.00       7.48 r
  SUMI_14/FAI_63/Ci (FA_1026)                             0.00       7.48 r
  SUMI_14/FAI_63/U4/ZN (OAI21_X1)                         0.03       7.51 f
  SUMI_14/FAI_63/U5/ZN (INV_X1)                           0.03       7.54 r
  SUMI_14/FAI_63/Co (FA_1026)                             0.00       7.54 r
  SUMI_14/FAI_64/Ci (FA_1025)                             0.00       7.54 r
  SUMI_14/FAI_64/U4/ZN (XNOR2_X1)                         0.06       7.59 r
  SUMI_14/FAI_64/S (FA_1025)                              0.00       7.59 r
  SUMI_14/S[63] (RCA_NbitRca64_17)                        0.00       7.59 r
  P[63] (out)                                             0.00       7.60 r
  data arrival time                                                  7.60

  max_delay                                               7.61       7.61
  output external delay                                   0.00       7.61
  data required time                                                 7.61
  --------------------------------------------------------------------------
  data required time                                                 7.61
  data arrival time                                                 -7.60
  --------------------------------------------------------------------------
  slack (MET)                                                        0.01


1
